// Jest Snapshot v1, https://goo.gl/fbAQLP

exports[`Petstore Swagger 2 debug prints 1`] = `
{
  "stderr": "",
  "stdout": "GET http://petstore.swagger.io/v1/pets
Accept: */*
",
}
`;

exports[`Petstore Swagger 2 lists categories 1`] = `
{
  "code": 1,
  "stderr": "",
  "stdout": "Usage: petstore-swagger [options] [command]

Options:
  -p, --print <mode>     Print the HTTP request instead of sending it.
                         (choices: "curl", "plain")
  -v, --verbose          Includes the response headers in the output
  -s, --server <server>  Base URL to use for requests
  -a, --auth <auth>      Authorization header to send
  -c, --accept <accept>  Accept header to send
  -h, --help             display help for command

Commands:
  pets
  help [command]         display help for command
",
}
`;

exports[`Petstore Swagger 2 lists commands 1`] = `
{
  "code": 1,
  "stderr": "",
  "stdout": "Usage: petstore-swagger pets [options] [command]

Options:
  -h, --help           display help for command

Commands:
  listPets [options]   List all pets
  createPets           Create a pet
  showPetById <petId>  Info for a specific pet
  help [command]       display help for command
",
}
`;
